Wed Jun  3 06:47:25 2026       
+-----------------------------------------------------------------------------------------+
| NVIDIA-SMI 575.57.08              Driver Version: 575.57.08      CUDA Version: 12.9     |
|-----------------------------------------+------------------------+----------------------+
| GPU  Name                 Persistence-M | Bus-Id          Disp.A | Volatile Uncorr. ECC |
| Fan  Temp   Perf          Pwr:Usage/Cap |           Memory-Usage | GPU-Util  Compute M. |
|                                         |                        |               MIG M. |
|=========================================+========================+======================|
|   0  NVIDIA H200                    On  |   00000000:4C:00.0 Off |                    0 |
| N/A   37C    P0             81W /  700W |       0MiB / 143771MiB |      0%      Default |
|                                         |                        |             Disabled |
+-----------------------------------------+------------------------+----------------------+
                                                                                         
+-----------------------------------------------------------------------------------------+
| Processes:                                                                              |
|  GPU   GI   CI              PID   Type   Process name                        GPU Memory |
|        ID   ID                                                               Usage      |
|=========================================================================================|
|  No running processes found                                                             |
+-----------------------------------------------------------------------------------------+
JAX devices: [CudaDevice(id=0)]
Step 0: grad_norm=0.7361, loss=0.1084, param_norm=1802.3865
Step 100: grad_norm=0.3059, loss=0.0520, param_norm=1802.3861
Step 200: grad_norm=0.1945, loss=0.0235, param_norm=1802.3864
Step 300: grad_norm=0.1544, loss=0.0201, param_norm=1802.3896
Step 400: grad_norm=0.1347, loss=0.0182, param_norm=1802.3990
Step 500: grad_norm=0.1294, loss=0.0176, param_norm=1802.4177
Step 600: grad_norm=0.1178, loss=0.0169, param_norm=1802.4449
Step 700: grad_norm=0.1125, loss=0.0167, param_norm=1802.4838
Step 800: grad_norm=0.1011, loss=0.0158, param_norm=1802.5359
Step 900: grad_norm=0.1049, loss=0.0160, param_norm=1802.6029
Step 1000: grad_norm=0.0960, loss=0.0157, param_norm=1802.6884
Step 1100: grad_norm=0.1051, loss=0.0158, param_norm=1802.7944
Step 1200: grad_norm=0.0968, loss=0.0149, param_norm=1802.8934
Step 1300: grad_norm=0.0828, loss=0.0140, param_norm=1802.9906
Step 1400: grad_norm=0.0921, loss=0.0144, param_norm=1803.0874
Step 1500: grad_norm=0.0843, loss=0.0142, param_norm=1803.1890
Step 1600: grad_norm=0.0850, loss=0.0135, param_norm=1803.2831
Step 1700: grad_norm=0.0833, loss=0.0134, param_norm=1803.3767
Step 1800: grad_norm=0.0688, loss=0.0134, param_norm=1803.4702
Step 1900: grad_norm=0.0790, loss=0.0129, param_norm=1803.5659
Step 2000: grad_norm=0.0758, loss=0.0126, param_norm=1803.6591
Step 2100: grad_norm=0.0848, loss=0.0124, param_norm=1803.7539
Step 2200: grad_norm=0.0682, loss=0.0123, param_norm=1803.8490
Step 2300: grad_norm=0.0698, loss=0.0120, param_norm=1803.9406
Step 2400: grad_norm=0.0777, loss=0.0125, param_norm=1804.0365
Step 2500: grad_norm=0.0612, loss=0.0113, param_norm=1804.1315
Step 2600: grad_norm=0.0762, loss=0.0118, param_norm=1804.2188
Step 2700: grad_norm=0.0709, loss=0.0115, param_norm=1804.3104
Step 2800: grad_norm=0.0680, loss=0.0115, param_norm=1804.3969
Step 2900: grad_norm=0.0722, loss=0.0116, param_norm=1804.4900
Step 3000: grad_norm=0.0686, loss=0.0114, param_norm=1804.5815
Step 3100: grad_norm=0.0629, loss=0.0113, param_norm=1804.6737
Step 3200: grad_norm=0.0629, loss=0.0108, param_norm=1804.7601
Step 3300: grad_norm=0.0665, loss=0.0110, param_norm=1804.8494
Step 3400: grad_norm=0.0630, loss=0.0113, param_norm=1804.9390
Step 3500: grad_norm=0.0637, loss=0.0108, param_norm=1805.0287
Step 3600: grad_norm=0.0665, loss=0.0112, param_norm=1805.1208
Step 3700: grad_norm=0.0630, loss=0.0105, param_norm=1805.2100
Step 3800: grad_norm=0.0609, loss=0.0103, param_norm=1805.2987
Step 3900: grad_norm=0.0622, loss=0.0105, param_norm=1805.3843
Step 4000: grad_norm=0.0617, loss=0.0106, param_norm=1805.4728
Step 4100: grad_norm=0.0660, loss=0.0104, param_norm=1805.5597
Step 4200: grad_norm=0.0627, loss=0.0103, param_norm=1805.6495
Step 4300: grad_norm=0.0650, loss=0.0103, param_norm=1805.7380
Step 4400: grad_norm=0.0592, loss=0.0100, param_norm=1805.8247
Step 4500: grad_norm=0.0588, loss=0.0101, param_norm=1805.9143
Step 4600: grad_norm=0.0571, loss=0.0099, param_norm=1806.0028
Step 4700: grad_norm=0.0619, loss=0.0101, param_norm=1806.0928
Step 4800: grad_norm=0.0582, loss=0.0100, param_norm=1806.1847
Step 4900: grad_norm=0.0659, loss=0.0098, param_norm=1806.2725
Step 5000: grad_norm=0.0621, loss=0.0100, param_norm=1806.3662
Step 5100: grad_norm=0.0546, loss=0.0095, param_norm=1806.4497
Step 5200: grad_norm=0.0560, loss=0.0096, param_norm=1806.5387
Step 5300: grad_norm=0.0592, loss=0.0095, param_norm=1806.6304
Step 5400: grad_norm=0.0579, loss=0.0094, param_norm=1806.7166
Step 5500: grad_norm=0.0599, loss=0.0099, param_norm=1806.8042
Step 5600: grad_norm=0.0618, loss=0.0094, param_norm=1806.8951
Step 5700: grad_norm=0.0564, loss=0.0097, param_norm=1806.9802
Step 5800: grad_norm=0.0591, loss=0.0095, param_norm=1807.0712
Step 5900: grad_norm=0.0547, loss=0.0096, param_norm=1807.1581
Step 6000: grad_norm=0.0572, loss=0.0093, param_norm=1807.2506
Step 6100: grad_norm=0.0604, loss=0.0096, param_norm=1807.3384
Step 6200: grad_norm=0.0534, loss=0.0095, param_norm=1807.4247
Step 6300: grad_norm=0.0534, loss=0.0094, param_norm=1807.5115
Step 6400: grad_norm=0.0595, loss=0.0094, param_norm=1807.5974
Step 6500: grad_norm=0.0538, loss=0.0088, param_norm=1807.6871
Step 6600: grad_norm=0.0539, loss=0.0091, param_norm=1807.7742
Step 6700: grad_norm=0.0543, loss=0.0088, param_norm=1807.8629
Step 6800: grad_norm=0.0570, loss=0.0093, param_norm=1807.9521
Step 6900: grad_norm=0.0544, loss=0.0085, param_norm=1808.0409
Step 7000: grad_norm=0.0610, loss=0.0087, param_norm=1808.1306
Step 7100: grad_norm=0.0577, loss=0.0088, param_norm=1808.2172
Step 7200: grad_norm=0.0588, loss=0.0090, param_norm=1808.3062
Step 7300: grad_norm=0.0589, loss=0.0090, param_norm=1808.3956
Step 7400: grad_norm=0.0557, loss=0.0087, param_norm=1808.4829
Step 7500: grad_norm=0.0563, loss=0.0091, param_norm=1808.5653
Step 7600: grad_norm=0.0531, loss=0.0085, param_norm=1808.6509
Step 7700: grad_norm=0.0547, loss=0.0084, param_norm=1808.7390
Step 7800: grad_norm=0.0531, loss=0.0086, param_norm=1808.8273
Step 7900: grad_norm=0.0494, loss=0.0083, param_norm=1808.9106
Step 8000: grad_norm=0.0518, loss=0.0089, param_norm=1808.9987
Step 8100: grad_norm=0.0538, loss=0.0084, param_norm=1809.0828
Step 8200: grad_norm=0.0604, loss=0.0085, param_norm=1809.1680
Step 8300: grad_norm=0.0499, loss=0.0083, param_norm=1809.2501
Step 8400: grad_norm=0.0544, loss=0.0084, param_norm=1809.3346
Step 8500: grad_norm=0.0559, loss=0.0085, param_norm=1809.4242
Step 8600: grad_norm=0.0510, loss=0.0084, param_norm=1809.5048
Step 8700: grad_norm=0.0579, loss=0.0085, param_norm=1809.5924
Step 8800: grad_norm=0.0537, loss=0.0083, param_norm=1809.6793
Step 8900: grad_norm=0.0563, loss=0.0084, param_norm=1809.7601
Step 9000: grad_norm=0.0517, loss=0.0084, param_norm=1809.8427
Step 9100: grad_norm=0.0554, loss=0.0083, param_norm=1809.9343
Step 9200: grad_norm=0.0478, loss=0.0078, param_norm=1810.0173
Step 9300: grad_norm=0.0478, loss=0.0082, param_norm=1810.0984
Step 9400: grad_norm=0.0553, loss=0.0081, param_norm=1810.1855
Step 9500: grad_norm=0.0542, loss=0.0081, param_norm=1810.2743
Step 9600: grad_norm=0.0550, loss=0.0084, param_norm=1810.3584
Step 9700: grad_norm=0.0546, loss=0.0079, param_norm=1810.4465
Step 9800: grad_norm=0.0549, loss=0.0084, param_norm=1810.5356
Step 9900: grad_norm=0.0539, loss=0.0081, param_norm=1810.6196
Step 10000: grad_norm=0.0502, loss=0.0080, param_norm=1810.7050
Step 10100: grad_norm=0.0559, loss=0.0081, param_norm=1810.7925
Step 10200: grad_norm=0.0519, loss=0.0079, param_norm=1810.8794
Step 10300: grad_norm=0.0552, loss=0.0080, param_norm=1810.9668
Step 10400: grad_norm=0.0526, loss=0.0087, param_norm=1811.0513
Step 10500: grad_norm=0.0526, loss=0.0079, param_norm=1811.1333
Step 10600: grad_norm=0.0544, loss=0.0080, param_norm=1811.2205
Step 10700: grad_norm=0.0547, loss=0.0079, param_norm=1811.3075
Step 10800: grad_norm=0.0540, loss=0.0077, param_norm=1811.3923
Step 10900: grad_norm=0.0495, loss=0.0076, param_norm=1811.4712
Step 11000: grad_norm=0.0499, loss=0.0078, param_norm=1811.5560
Step 11100: grad_norm=0.0518, loss=0.0079, param_norm=1811.6450
Step 11200: grad_norm=0.0569, loss=0.0082, param_norm=1811.7240
Step 11300: grad_norm=0.0527, loss=0.0073, param_norm=1811.8069
Step 11400: grad_norm=0.0497, loss=0.0074, param_norm=1811.8917
Step 11500: grad_norm=0.0510, loss=0.0078, param_norm=1811.9784
Step 11600: grad_norm=0.0524, loss=0.0075, param_norm=1812.0664
Step 11700: grad_norm=0.0503, loss=0.0080, param_norm=1812.1521
Step 11800: grad_norm=0.0516, loss=0.0081, param_norm=1812.2355
Step 11900: grad_norm=0.0515, loss=0.0077, param_norm=1812.3210
Step 12000: grad_norm=0.0578, loss=0.0077, param_norm=1812.4037
Step 12100: grad_norm=0.0510, loss=0.0078, param_norm=1812.4828
Step 12200: grad_norm=0.0529, loss=0.0078, param_norm=1812.5686
Step 12300: grad_norm=0.0585, loss=0.0075, param_norm=1812.6534
Step 12400: grad_norm=0.0522, loss=0.0075, param_norm=1812.7424
Step 12500: grad_norm=0.0536, loss=0.0077, param_norm=1812.8220
Step 12600: grad_norm=0.0567, loss=0.0076, param_norm=1812.9086
Step 12700: grad_norm=0.0707, loss=0.0078, param_norm=1812.9956
Step 12800: grad_norm=0.0504, loss=0.0073, param_norm=1813.0771
Step 12900: grad_norm=0.0511, loss=0.0074, param_norm=1813.1531
Step 13000: grad_norm=0.0563, loss=0.0070, param_norm=1813.2368
Step 13100: grad_norm=0.0507, loss=0.0075, param_norm=1813.3148
Step 13200: grad_norm=0.0713, loss=0.0079, param_norm=1813.3953
Step 13300: grad_norm=0.0517, loss=0.0074, param_norm=1813.4818
Step 13400: grad_norm=0.0512, loss=0.0075, param_norm=1813.5651
Step 13500: grad_norm=0.0521, loss=0.0072, param_norm=1813.6487
Step 13600: grad_norm=0.0545, loss=0.0076, param_norm=1813.7334
Step 13700: grad_norm=0.0476, loss=0.0072, param_norm=1813.8187
Step 13800: grad_norm=0.0501, loss=0.0073, param_norm=1813.9034
Step 13900: grad_norm=0.0528, loss=0.0074, param_norm=1813.9880
Step 14000: grad_norm=0.0510, loss=0.0075, param_norm=1814.0688
Step 14100: grad_norm=0.0508, loss=0.0077, param_norm=1814.1528
Step 14200: grad_norm=0.0497, loss=0.0073, param_norm=1814.2384
Step 14300: grad_norm=0.0523, loss=0.0076, param_norm=1814.3287
Step 14400: grad_norm=0.0548, loss=0.0072, param_norm=1814.4155
Step 14500: grad_norm=0.0514, loss=0.0072, param_norm=1814.4976
Step 14600: grad_norm=0.0484, loss=0.0073, param_norm=1814.5801
Step 14700: grad_norm=0.0502, loss=0.0073, param_norm=1814.6637
Step 14800: grad_norm=0.0525, loss=0.0074, param_norm=1814.7480
Step 14900: grad_norm=0.0525, loss=0.0073, param_norm=1814.8346
Step 15000: grad_norm=0.0482, loss=0.0069, param_norm=1814.9193
Step 15100: grad_norm=0.0508, loss=0.0071, param_norm=1815.0000
Step 15200: grad_norm=0.0477, loss=0.0074, param_norm=1815.0811
Step 15300: grad_norm=0.0547, loss=0.0073, param_norm=1815.1631
Step 15400: grad_norm=0.0473, loss=0.0069, param_norm=1815.2484
Step 15500: grad_norm=0.0517, loss=0.0075, param_norm=1815.3325
Step 15600: grad_norm=0.0482, loss=0.0071, param_norm=1815.4141
Step 15700: grad_norm=0.0533, loss=0.0067, param_norm=1815.4987
Step 15800: grad_norm=0.0493, loss=0.0071, param_norm=1815.5850
Step 15900: grad_norm=0.0501, loss=0.0073, param_norm=1815.6637
Step 16000: grad_norm=0.0543, loss=0.0070, param_norm=1815.7423
Step 16100: grad_norm=0.0436, loss=0.0068, param_norm=1815.8243
Step 16200: grad_norm=0.0492, loss=0.0072, param_norm=1815.9093
Step 16300: grad_norm=0.0450, loss=0.0071, param_norm=1815.9966
Step 16400: grad_norm=0.0521, loss=0.0072, param_norm=1816.0815
Step 16500: grad_norm=0.0480, loss=0.0071, param_norm=1816.1669
Step 16600: grad_norm=0.0512, loss=0.0073, param_norm=1816.2480
Step 16700: grad_norm=0.0464, loss=0.0072, param_norm=1816.3323
Step 16800: grad_norm=0.0480, loss=0.0070, param_norm=1816.4174
Step 16900: grad_norm=0.0501, loss=0.0071, param_norm=1816.5028
Step 17000: grad_norm=0.0486, loss=0.0069, param_norm=1816.5801
Step 17100: grad_norm=0.0538, loss=0.0070, param_norm=1816.6613
Step 17200: grad_norm=0.0520, loss=0.0072, param_norm=1816.7495
Step 17300: grad_norm=0.0528, loss=0.0068, param_norm=1816.8300
Step 17400: grad_norm=0.0487, loss=0.0067, param_norm=1816.9065
Step 17500: grad_norm=0.0480, loss=0.0067, param_norm=1816.9896
Step 17600: grad_norm=0.0550, loss=0.0071, param_norm=1817.0742
Step 17700: grad_norm=0.0454, loss=0.0067, param_norm=1817.1595
Step 17800: grad_norm=0.0507, loss=0.0069, param_norm=1817.2384
Step 17900: grad_norm=0.0503, loss=0.0071, param_norm=1817.3208
Step 18000: grad_norm=0.0501, loss=0.0069, param_norm=1817.4031
Step 18100: grad_norm=0.0461, loss=0.0063, param_norm=1817.4841
Step 18200: grad_norm=0.0498, loss=0.0069, param_norm=1817.5709
Step 18300: grad_norm=0.0518, loss=0.0070, param_norm=1817.6517
Step 18400: grad_norm=0.0474, loss=0.0068, param_norm=1817.7346
Step 18500: grad_norm=0.0484, loss=0.0067, param_norm=1817.8175
Step 18600: grad_norm=0.0478, loss=0.0070, param_norm=1817.9023
Step 18700: grad_norm=0.0507, loss=0.0069, param_norm=1817.9801
Step 18800: grad_norm=0.0510, loss=0.0067, param_norm=1818.0640
Step 18900: grad_norm=0.0459, loss=0.0071, param_norm=1818.1459
Step 19000: grad_norm=0.0563, loss=0.0070, param_norm=1818.2340
Step 19100: grad_norm=0.0506, loss=0.0068, param_norm=1818.3159
Step 19200: grad_norm=0.0518, loss=0.0066, param_norm=1818.3971
Step 19300: grad_norm=0.0515, loss=0.0069, param_norm=1818.4828
Step 19400: grad_norm=0.0459, loss=0.0066, param_norm=1818.5677
Step 19500: grad_norm=0.0551, loss=0.0064, param_norm=1818.6512
Step 19600: grad_norm=0.0478, loss=0.0068, param_norm=1818.7385
Step 19700: grad_norm=0.0493, loss=0.0068, param_norm=1818.8206
Step 19800: grad_norm=0.0518, loss=0.0064, param_norm=1818.9028
Step 19900: grad_norm=0.0541, loss=0.0069, param_norm=1818.9878
Step 20000: grad_norm=0.0523, loss=0.0069, param_norm=1819.0750
Step 20100: grad_norm=0.0483, loss=0.0066, param_norm=1819.1603
Step 20200: grad_norm=0.0495, loss=0.0066, param_norm=1819.2391
Step 20300: grad_norm=0.0499, loss=0.0069, param_norm=1819.3229
Step 20400: grad_norm=0.0490, loss=0.0067, param_norm=1819.4038
Step 20500: grad_norm=0.0532, loss=0.0066, param_norm=1819.4867
Step 20600: grad_norm=0.0451, loss=0.0067, param_norm=1819.5647
Step 20700: grad_norm=0.0503, loss=0.0067, param_norm=1819.6448
Step 20800: grad_norm=0.0540, loss=0.0068, param_norm=1819.7296
Step 20900: grad_norm=0.0507, loss=0.0067, param_norm=1819.8114
Step 21000: grad_norm=0.0478, loss=0.0066, param_norm=1819.8907
Step 21100: grad_norm=0.0457, loss=0.0066, param_norm=1819.9722
Step 21200: grad_norm=0.0457, loss=0.0064, param_norm=1820.0542
Step 21300: grad_norm=0.0441, loss=0.0065, param_norm=1820.1382
Step 21400: grad_norm=0.0504, loss=0.0068, param_norm=1820.2195
Step 21500: grad_norm=0.0538, loss=0.0070, param_norm=1820.3065
Step 21600: grad_norm=0.0468, loss=0.0063, param_norm=1820.3885
Step 21700: grad_norm=0.0455, loss=0.0066, param_norm=1820.4696
Step 21800: grad_norm=0.0476, loss=0.0068, param_norm=1820.5516
Step 21900: grad_norm=0.0462, loss=0.0067, param_norm=1820.6382
Step 22000: grad_norm=0.0482, loss=0.0063, param_norm=1820.7163
Step 22100: grad_norm=0.0565, loss=0.0069, param_norm=1820.7982
Step 22200: grad_norm=0.0488, loss=0.0065, param_norm=1820.8781
Step 22300: grad_norm=0.0490, loss=0.0064, param_norm=1820.9557
Step 22400: grad_norm=0.0441, loss=0.0065, param_norm=1821.0356
Step 22500: grad_norm=0.0472, loss=0.0066, param_norm=1821.1184
Step 22600: grad_norm=0.0463, loss=0.0064, param_norm=1821.2037
Step 22700: grad_norm=0.0530, loss=0.0065, param_norm=1821.2859
Step 22800: grad_norm=0.0450, loss=0.0064, param_norm=1821.3656
Step 22900: grad_norm=0.0460, loss=0.0066, param_norm=1821.4451
Step 23000: grad_norm=0.0498, loss=0.0065, param_norm=1821.5248
Step 23100: grad_norm=0.0461, loss=0.0063, param_norm=1821.6069
Step 23200: grad_norm=0.0459, loss=0.0064, param_norm=1821.6853
Step 23300: grad_norm=0.0487, loss=0.0065, param_norm=1821.7657
Step 23400: grad_norm=0.0493, loss=0.0064, param_norm=1821.8450
Step 23500: grad_norm=0.0456, loss=0.0065, param_norm=1821.9272
Step 23600: grad_norm=0.0472, loss=0.0066, param_norm=1822.0089
Step 23700: grad_norm=0.0487, loss=0.0066, param_norm=1822.0907
Step 23800: grad_norm=0.0500, loss=0.0063, param_norm=1822.1721
Step 23900: grad_norm=0.0483, loss=0.0064, param_norm=1822.2552
Step 24000: grad_norm=0.0422, loss=0.0063, param_norm=1822.3359
Step 24100: grad_norm=0.0501, loss=0.0063, param_norm=1822.4210
Step 24200: grad_norm=0.0513, loss=0.0063, param_norm=1822.5015
Step 24300: grad_norm=0.0467, loss=0.0063, param_norm=1822.5809
Step 24400: grad_norm=0.0439, loss=0.0062, param_norm=1822.6621
Step 24500: grad_norm=0.0506, loss=0.0065, param_norm=1822.7423
Step 24600: grad_norm=0.0480, loss=0.0067, param_norm=1822.8247
Step 24700: grad_norm=0.0470, loss=0.0064, param_norm=1822.9102
Step 24800: grad_norm=0.0506, loss=0.0064, param_norm=1822.9894
Step 24900: grad_norm=0.0456, loss=0.0064, param_norm=1823.0687
Step 25000: grad_norm=0.0520, loss=0.0064, param_norm=1823.1532
Step 25100: grad_norm=0.0467, loss=0.0062, param_norm=1823.2339
Step 25200: grad_norm=0.0550, loss=0.0064, param_norm=1823.3153
Step 25300: grad_norm=0.0545, loss=0.0065, param_norm=1823.3993
Step 25400: grad_norm=0.0470, loss=0.0061, param_norm=1823.4800
Step 25500: grad_norm=0.0482, loss=0.0061, param_norm=1823.5610
Step 25600: grad_norm=0.0466, loss=0.0065, param_norm=1823.6396
Step 25700: grad_norm=0.0482, loss=0.0062, param_norm=1823.7207
Step 25800: grad_norm=0.0450, loss=0.0061, param_norm=1823.8019
Step 25900: grad_norm=0.0447, loss=0.0061, param_norm=1823.8762
Step 26000: grad_norm=0.0519, loss=0.0065, param_norm=1823.9565
Step 26100: grad_norm=0.0468, loss=0.0064, param_norm=1824.0366
Step 26200: grad_norm=0.0509, loss=0.0063, param_norm=1824.1179
Step 26300: grad_norm=0.0469, loss=0.0064, param_norm=1824.1937
Step 26400: grad_norm=0.0476, loss=0.0062, param_norm=1824.2726
Step 26500: grad_norm=0.0473, loss=0.0061, param_norm=1824.3566
Step 26600: grad_norm=0.0481, loss=0.0063, param_norm=1824.4412
Step 26700: grad_norm=0.0514, loss=0.0066, param_norm=1824.5245
Step 26800: grad_norm=0.0485, loss=0.0062, param_norm=1824.6056
Step 26900: grad_norm=0.0514, loss=0.0062, param_norm=1824.6927
Step 27000: grad_norm=0.0511, loss=0.0059, param_norm=1824.7681
Step 27100: grad_norm=0.0455, loss=0.0063, param_norm=1824.8561
Step 27200: grad_norm=0.0473, loss=0.0063, param_norm=1824.9299
Step 27300: grad_norm=0.0515, loss=0.0064, param_norm=1825.0062
Step 27400: grad_norm=0.0471, loss=0.0060, param_norm=1825.0912
Step 27500: grad_norm=0.0426, loss=0.0061, param_norm=1825.1716
Step 27600: grad_norm=0.0438, loss=0.0062, param_norm=1825.2537
Step 27700: grad_norm=0.0502, loss=0.0063, param_norm=1825.3350
Step 27800: grad_norm=0.0457, loss=0.0060, param_norm=1825.4159
Step 27900: grad_norm=0.0471, loss=0.0060, param_norm=1825.4917
Step 28000: grad_norm=0.0502, loss=0.0064, param_norm=1825.5739
Step 28100: grad_norm=0.0473, loss=0.0061, param_norm=1825.6564
Step 28200: grad_norm=0.0511, loss=0.0059, param_norm=1825.7377
Step 28300: grad_norm=0.0454, loss=0.0058, param_norm=1825.8265
Step 28400: grad_norm=0.0510, loss=0.0063, param_norm=1825.9077
Step 28500: grad_norm=0.0452, loss=0.0058, param_norm=1825.9874
Step 28600: grad_norm=0.0534, loss=0.0060, param_norm=1826.0647
Step 28700: grad_norm=0.0492, loss=0.0060, param_norm=1826.1487
Step 28800: grad_norm=0.0497, loss=0.0063, param_norm=1826.2239
Step 28900: grad_norm=0.0473, loss=0.0057, param_norm=1826.3049
Step 29000: grad_norm=0.0482, loss=0.0060, param_norm=1826.3889
Step 29100: grad_norm=0.0493, loss=0.0060, param_norm=1826.4648
Step 29200: grad_norm=0.0513, loss=0.0058, param_norm=1826.5431
Step 29300: grad_norm=0.0453, loss=0.0058, param_norm=1826.6173
Step 29400: grad_norm=0.0474, loss=0.0060, param_norm=1826.7003
Step 29500: grad_norm=0.0464, loss=0.0062, param_norm=1826.7819
Step 29600: grad_norm=0.0456, loss=0.0060, param_norm=1826.8594
Step 29700: grad_norm=0.0449, loss=0.0060, param_norm=1826.9412
Step 29800: grad_norm=0.0516, loss=0.0061, param_norm=1827.0212
Step 29900: grad_norm=0.0439, loss=0.0056, param_norm=1827.0977
[1;34mwandb[0m: 
[1;34mwandb[0m: 🚀 View run [33mforklift-full[0m at: [34mhttps://wandb.ai/tim-duggan93-tufts-university/openpi/runs/93s9wik8[0m
[1;34mwandb[0m: Find logs at: [1;35m../.cache/wandb/wandb/run-20260603_064807-93s9wik8/logs[0m
